// Jest Snapshot v1, https://goo.gl/fbAQLP

exports[`HomePage should render homepage correctly 1`] = `
.c0 {
  display: -webkit-box;
  display: -webkit-flex;
  display: -ms-flexbox;
  display: flex;
  -webkit-box-pack: center;
  -webkit-justidy-content: center;
  -ms-flex-pack: center;
  justidy-content: center;
  -webkit-align-items: center;
  -webkit-box-align: center;
  -ms-flex-align: center;
  align-items: center;
  -webkit-flex-direction: column;
  -ms-flex-direction: column;
  flex-direction: column;
  height: 100vh;
  width: 100vw;
  background-image: url('./BreakOut.jpg');
  background-repeat: no-repeat;
  background-position: center center;
  background-size: 100%;
}

.c1 {
  font-family: 'Balsamiq Sans',Helvetica;
  font-size: 21px;
  color: black;
  margin-top: 15vh;
}

<div>
  <div
    class="c0"
    data-testid="homepage-background"
  >
    <h1
      class="c1"
    >
      Welcome to Easter Egg Competition 2021
    </h1>
  </div>
</div>
`;
