// Jest Snapshot v1, https://goo.gl/fbAQLP

exports[`Entries should render entries correctly 1`] = `
.c0 {
  margin-top: 15vh;
  display: -webkit-box;
  display: -webkit-flex;
  display: -ms-flexbox;
  display: flex;
  -webkit-flex-direction: column;
  -ms-flex-direction: column;
  flex-direction: column;
  -webkit-align-items: center;
  -webkit-box-align: center;
  -ms-flex-align: center;
  align-items: center;
}

<div>
  <div
    class="c0"
  >
    <p>
      Entries will be able to view on Easter Satruday
    </p>
  </div>
</div>
`;
