// Jest Snapshot v1, https://goo.gl/fbAQLP

exports[`Input should render Input correctly 1`] = `
.c0 {
  display: -webkit-box;
  display: -webkit-flex;
  display: -ms-flexbox;
  display: flex;
  -webkit-flex-direction: column;
  -ms-flex-direction: column;
  flex-direction: column;
  margin: 20px;
}

.c1 {
  font-family: Helvetica;
  margin: 5px;
}

.c2 {
  font-family: Helvetica;
}

<div>
  <div
    class="c0"
  >
    <label
      class="c1"
    >
      name
    </label>
    <input
      class="c2"
      placeholder="Enter your name"
      type="text"
      value=""
    />
  </div>
</div>
`;
