// Jest Snapshot v1, https://goo.gl/fbAQLP

exports[`PhotoGallery should render PhotoGallery correctly 1`] = `
.c4 {
  width: 100%;
  display: -webkit-box;
  display: -webkit-flex;
  display: -ms-flexbox;
  display: flex;
  -webkit-box-pack: center;
  -webkit-justify-content: center;
  -ms-flex-pack: center;
  justify-content: center;
  -webkit-flex-direction: column;
  -ms-flex-direction: column;
  flex-direction: column;
  margin-top: 20vh;
}

.c4 p {
  font-family: Helvetica;
  font-size: 18px;
  text-align: center;
}

.c5 {
  display: -webkit-box;
  display: -webkit-flex;
  display: -ms-flexbox;
  display: flex;
  -webkit-box-pack: center;
  -webkit-justify-content: center;
  -ms-flex-pack: center;
  justify-content: center;
  -webkit-align-items: center;
  -webkit-box-align: center;
  -ms-flex-align: center;
  align-items: center;
}

.c7 {
  width: 0;
  height: 0;
  border-top: 30px solid transparent;
  border-bottom: 30px solid transparent;
  border-left: 30px solid grey;
  border-right: transparent;
  background-color: transparent;
  margin-left: 10px;
}

.c6 {
  height: 30px;
  width: 30px;
  background-color: transparent;
}

.c0 {
  margin-left: 200px;
  display: -webkit-box;
  display: -webkit-flex;
  display: -ms-flexbox;
  display: flex;
  -webkit-flex-direction: column;
  -ms-flex-direction: column;
  flex-direction: column;
}

.c1 {
  display: -webkit-box;
  display: -webkit-flex;
  display: -ms-flexbox;
  display: flex;
  -webkit-box-pack: center;
  -webkit-justify-content: center;
  -ms-flex-pack: center;
  justify-content: center;
  -webkit-flex-direction: column;
  -ms-flex-direction: column;
  flex-direction: column;
  -webkit-align-items: center;
  -webkit-box-align: center;
  -ms-flex-align: center;
  align-items: center;
}

.c3 {
  font-family: Helvetica;
  font-size: 30px;
}

.c2 {
  -webkit-text-decoration: none;
  text-decoration: none;
  cursor: pointer;
}

<div>
  <div
    class="c0"
  >
    <div
      class="c1"
    >
      <a
        class="c2"
      >
        Return to Gallery
      </a>
      <h1
        class="c3"
      >
        Entry 
        1
      </h1>
    </div>
    <div
      class="c4"
    >
      <div
        class="c5"
      >
        <div
          class="c6"
          data-testid="previous-button-space"
        />
        <div
          style="display: inline-block; max-width: 100%; overflow: hidden; position: relative; box-sizing: border-box; margin: 0px;"
        >
          <div
            style="box-sizing: border-box; display: block; max-width: 100%;"
          >
            <img
              alt=""
              aria-hidden="true"
              role="presentation"
              src="data:image/svg+xml;base64,PHN2ZyB3aWR0aD0iMzAwIiBoZWlnaHQ9IjMwMCIgeG1sbnM9Imh0dHA6Ly93d3cudzMub3JnLzIwMDAvc3ZnIiB2ZXJzaW9uPSIxLjEiLz4="
              style="max-width: 100%; display: block; margin: 0px; padding: 0px;"
            />
          </div>
          <img
            alt="egg-0"
            data-testid="image-0"
            decoding="async"
            src="data:image/gif;base64,R0lGODlhAQABAIAAAAAAAP///yH5BAEAAAAALAAAAAABAAEAAAIBRAA7"
            style="visibility: hidden; position: absolute; top: 0px; left: 0px; bottom: 0px; right: 0px; box-sizing: border-box; padding: 0px; margin: auto; display: block; width: 0px; height: 0px; min-width: 100%; max-width: 100%; min-height: 100%; max-height: 100%;"
          />
        </div>
        <button
          class="c7"
          data-testid="next-button"
        />
      </div>
      <p>
        Please enjoy some photos from previous years. Return here Easter Saturday to see 2021 hopefuls!
      </p>
    </div>
  </div>
</div>
`;
